 gcc -g p1original.c
 gdb a.out
GNU gdb (Ubuntu 8.1.1-0ubuntu1) 8.1.1
Copyright (C) 2018 Free Software Foundation, Inc.
License GPLv3+: GNU GPL version 3 or later <http://gnu.org/licenses/gpl.html>
This is free software: you are free to change and redistribute it.
There is NO WARRANTY, to the extent permitted by law.  Type "show copying"
and "show warranty" for details.
This GDB was configured as "x86_64-linux-gnu".
Type "show configuration" for configuration details.
For bug reporting instructions, please see:
<http://www.gnu.org/software/gdb/bugs/>.
Find the GDB manual and other documentation resources online at:
<http://www.gnu.org/software/gdb/documentation/>.
For help, type "help".
Type "apropos word" to search for commands related to "word"...
Reading symbols from a.out...done.
(gdb) b main
Breakpoint 1 at 0x81a: file p1original.c, line 16.
(gdb) r
Starting program: /home/runner/ppa-IA2-practice2/a.out 
warning: Error disabling address space randomization: Operation not permitted

Breakpoint 1, main () at p1original.c:16
16  {
(gdb) s
18    input(&base,&height);
(gdb) s
input (base=0x7ffd2fe0fcfc, height=0x7ffd2fe0fd00) at p1original.c:4
4   printf("enter the values\n");
(gdb) n
enter the values
5   scanf("%f%f",base,height);
(gdb) n
1
2
6   }
(gdb) n
main () at p1original.c:19
19    find_area(base,height,&area);
(gdb) s
find_area (base=1, height=2, area=0x7ffd2fe0fd04) at p1original.c:9
9     *area=(base*height)/2;
(gdb) n
10  }
(gdb) n
main () at p1original.c:20
20    output(base,height,area);
(gdb) s
output (base=1, height=2, area=1) at p1original.c:13
13    printf("area of triangle %f %f  is %f\n",base,height,area);
(gdb) n
area of triangle 1.000000 2.000000  is 1.000000
14  }
(gdb) n
main () at p1original.c:21
21    return 0;
(gdb) n
22  }
(gdb) c
Continuing.
[Inferior 1 (process 277) exited normally]
(gdb) 
